XMonad | (-->) :: (Monad m, Monoid a) => m Bool -> m a -> m a
XMonad | (<&&>) :: Monad m => m Bool -> m Bool -> m Bool
XMonad | (<+>) :: Monoid m => m -> m -> m
XMonad | (<||>) :: Monad m => m Bool -> m Bool -> m Bool
XMonad | (=?) :: Eq a => Query a -> a -> Query Bool
XMonad | (|||) :: l a -> r a -> Choose l r a
XMonad | appName :: Query String
XMonad | applyAspectHint :: (D, D) -> D -> D
XMonad | applyMaxSizeHint :: D -> D -> D
XMonad | applyResizeIncHint :: D -> D -> D
XMonad | applySizeHints :: Integral a => Dimension -> SizeHints -> (a, a) -> D
XMonad | applySizeHints' :: SizeHints -> D -> D
XMonad | applySizeHintsContents :: Integral a => SizeHints -> (a, a) -> D
XMonad | asks :: MonadReader r m => (r -> a) -> m a
XMonad | atom_WM_DELETE_WINDOW :: X Atom
XMonad | atom_WM_PROTOCOLS :: X Atom
XMonad | atom_WM_STATE :: X Atom
XMonad | atom_WM_TAKE_FOCUS :: X Atom
XMonad | binFileName :: Directories -> FilePath
XMonad | broadcastMessage :: Message a => a -> X ()
XMonad | cacheNumlockMask :: X ()
XMonad | catchIO :: MonadIO m => IO () -> m ()
XMonad | catchX :: X a -> X a -> X a
XMonad | class (Show (layout a), Typeable layout) => LayoutClass layout a where runLayout :: Workspace WorkspaceId (layout a) a -> Rectangle -> X ([(a, Rectangle)], Maybe (layout a)) doLayout :: layout a -> Rectangle -> Stack a -> X ([(a, Rectangle)], Maybe (layout a)) pureLayout :: layout a -> Rectangle -> Stack a -> [(a, Rectangle)] emptyLayout :: layout a -> Rectangle -> X ([(a, Rectangle)], Maybe (layout a)) handleMessage :: layout a -> SomeMessage -> X (Maybe (layout a)) pureMessage :: layout a -> SomeMessage -> Maybe (layout a) description :: layout a -> String
XMonad | class Default a where def :: a default def :: (Generic a, GDefault (Rep a)) => a
XMonad | class Eq a => Bits a where ... (.|.) :: a -> a -> a ...
XMonad | class Monad m => MonadIO m where liftIO :: IO a -> m a {-# MINIMAL liftIO #-}
XMonad | class Monad m => MonadReader r m | m -> r where ask :: m r local :: (r -> r) -> m a -> m a reader :: (r -> a) -> m a {-# MINIMAL (ask | reader), local #-}
XMonad | class Monad m => MonadState s m | m -> s where get :: m s put :: s -> m () state :: (s -> (a, s)) -> m a {-# MINIMAL state | get, put #-}
XMonad | class Typeable a => ExtensionClass a where initialValue :: a extensionType :: a -> StateExtension {-# MINIMAL initialValue #-}
XMonad | class Typeable a => Message a
XMonad | class Typeable a where typeRep# :: TypeRep a {-# MINIMAL typeRep# #-}
XMonad | className :: Query String
XMonad | cleanMask :: KeyMask -> X KeyMask
XMonad | clearEvents :: EventMask -> X ()
XMonad | composeAll :: Monoid m => [m] -> m
XMonad | containedIn :: Rectangle -> Rectangle -> Bool
XMonad | data CLR = CL | CR
XMonad | data ChangeLayout = FirstLayout | NextLayout
XMonad | data Choose l r a = Choose CLR (l a) (r a)
XMonad | data ConfExtension = forall a. Typeable a => ConfExtension a
XMonad | data Directories' a = Directories {dataDir :: !a, cfgDir :: !a, cacheDir :: !a}
XMonad | data Full a = Full
XMonad | data Layout a = forall (l :: * -> *). (LayoutClass l a, Read (l a)) => Layout (l a)
XMonad | data LayoutMessages = Hide | ReleaseResources
XMonad | data Resize = Shrink | Expand
XMonad | data SomeMessage = forall a. Message a => SomeMessage a
XMonad | data StateExtension = forall a. ExtensionClass a => StateExtension a | forall a. (Read a, Show a, ExtensionClass a) => PersistentExtension a
XMonad | data StateFile = StateFile {sfWins :: StackSet WorkspaceId String Window ScreenId ScreenDetail, sfExt :: [(String, String)]}
XMonad | data Tall a = Tall {tallNMaster :: Int, tallRatioIncrement :: Rational, tallRatio :: Rational}
XMonad | data XConf = XConf {display :: Display, config :: (XConfig Layout), theRoot :: Window, normalBorder :: Pixel, focusedBorder :: Pixel, keyActions :: !(Map (KeyMask, KeySym) (X ())), buttonActions :: !(Map (KeyMask, Button) (Window -> X ())), mouseFocused :: !Bool, mousePosition :: !(Maybe (Position, Position)), currentEvent :: !(Maybe Event), directories :: Directories}
XMonad | data XConfig l = XConfig {normalBorderColor :: !String, focusedBorderColor :: !String, terminal :: !String, layoutHook :: !(l Window), manageHook :: !ManageHook, handleEventHook :: !(Event -> X All), workspaces :: ![String], modMask :: ! KeyMask, keys :: !(XConfig Layout -> Map (ButtonMask, KeySym) (X ())), mouseBindings :: !(XConfig Layout -> Map (ButtonMask, Button) (Window -> X ())), borderWidth :: Dimension, logHook :: !(X ()), startupHook :: !(X ()), focusFollowsMouse :: !Bool, clickJustFocuses :: !Bool, clientMask :: EventMask, rootMask :: EventMask, handleExtraArgs :: !([String] -> XConfig Layout -> IO (XConfig Layout)), extensibleConf :: !(Map TypeRep ConfExtension)}
XMonad | data XState = XState {windowset :: WindowSet, mapped :: !(Set Window), waitingUnmap :: !(Map Window Int), dragging :: !(Maybe (Position -> Position -> X (), X ())), numberlockMask :: ! KeyMask, extensibleState :: !(Map String (Either String StateExtension))}
XMonad | defaultConfig :: XConfig (Choose Tall (Choose (Mirror Tall) Full))
XMonad | doF :: (s -> s) -> Query (Endo s)
XMonad | doFloat :: ManageHook
XMonad | doIgnore :: ManageHook
XMonad | doShift :: WorkspaceId -> ManageHook
XMonad | extraModifiers :: X [KeyMask]
XMonad | float :: Window -> X ()
XMonad | floatLocation :: Window -> X (ScreenId, RationalRect)
XMonad | focus :: Window -> X ()
XMonad | fromMessage :: Message m => SomeMessage -> Maybe m
XMonad | getAtom :: String -> X Atom
XMonad | getCleanedScreenInfo :: MonadIO m => Display -> m [Rectangle]
XMonad | getDirectories :: IO Directories
XMonad | getStringProperty :: Display -> Window -> String -> X (Maybe String)
XMonad | getXMonadCacheDir :: X String
XMonad | getXMonadDataDir :: X String
XMonad | getXMonadDir :: X String
XMonad | gets :: MonadState s m => (s -> a) -> m a
XMonad | hide :: Window -> X ()
XMonad | idHook :: Monoid m => m
XMonad | ifM :: Monad m => m Bool -> m a -> m a -> m a
XMonad | initColor :: Display -> String -> IO (Maybe Pixel)
XMonad | installSignalHandlers :: MonadIO m => m ()
XMonad | io :: MonadIO m => IO a -> m a
XMonad | isClient :: Window -> X Bool
XMonad | isFixedSizeOrTransient :: Display -> Window -> X Bool
XMonad | isRoot :: Window -> X Bool
XMonad | kill :: X ()
XMonad | killWindow :: Window -> X ()
XMonad | launch :: (LayoutClass l Window, Read (l Window)) => XConfig l -> Directories -> IO ()
XMonad | liftX :: X a -> Query a
XMonad | manage :: Window -> X ()
XMonad | mirrorRect :: Rectangle -> Rectangle
XMonad | mkAdjust :: Window -> X (D -> D)
XMonad | mkGrabs :: [(KeyMask, KeySym)] -> X [(KeyMask, KeyCode)]
XMonad | modify :: MonadState s m => (s -> s) -> m ()
XMonad | modifyWindowSet :: (WindowSet -> WindowSet) -> X ()
XMonad | mouseDrag :: (Position -> Position -> X ()) -> X () -> X ()
XMonad | mouseMoveWindow :: Window -> X ()
XMonad | mouseResizeWindow :: Window -> X ()
XMonad | newtype IncMasterN = IncMasterN Int
XMonad | newtype JumpToLayout = JumpToLayout String
XMonad | newtype Mirror l a = Mirror (l a)
XMonad | newtype Query a = Query (ReaderT Window X a)
XMonad | newtype ScreenDetail = SD {screenRect :: Rectangle}
XMonad | newtype ScreenId = S Int
XMonad | newtype X a = X (ReaderT XConf (StateT XState IO) a)
XMonad | nubScreens :: [Rectangle] -> [Rectangle]
XMonad | pointScreen :: Position -> Position -> X (Maybe (Screen WorkspaceId (Layout Window) Window ScreenId ScreenDetail))
XMonad | pointWithin :: Position -> Position -> Rectangle -> Bool
XMonad | readStateFile :: (LayoutClass l Window, Read (l Window)) => XConfig l -> X (Maybe XState)
XMonad | readsLayout :: Layout a -> String -> [(Layout a, String)]
XMonad | recompile :: MonadIO m => Directories -> Bool -> m Bool
XMonad | refresh :: X ()
XMonad | rescreen :: X ()
XMonad | resource :: Query String
XMonad | restart :: String -> Bool -> X ()
XMonad | reveal :: Window -> X ()
XMonad | runOnWorkspaces :: (WindowSpace -> X WindowSpace) -> X ()
XMonad | runQuery :: Query a -> Window -> X a
XMonad | runX :: XConf -> XState -> X a -> IO (a, XState)
XMonad | scaleRationalRect :: Rectangle -> RationalRect -> Rectangle
XMonad | screenWorkspace :: ScreenId -> X (Maybe WorkspaceId)
XMonad | sendMessage :: Message a => a -> X ()
XMonad | sendMessageWithNoRefresh :: Message a => a -> WindowSpace -> X ()
XMonad | sendReplace :: IO ()
XMonad | sendRestart :: IO ()
XMonad | setButtonGrab :: Bool -> Window -> X ()
XMonad | setFocusX :: Window -> X ()
XMonad | setInitialProperties :: Window -> X ()
XMonad | setLayout :: Layout Window -> X ()
XMonad | setTopFocus :: X ()
XMonad | setWMState :: Window -> Int -> X ()
XMonad | setWindowBorderWithFallback :: Display -> Window -> String -> Pixel -> X ()
XMonad | spawn :: MonadIO m => String -> m ()
XMonad | spawnPID :: MonadIO m => String -> m ProcessID
XMonad | splitHorizontally :: Int -> Rectangle -> [Rectangle]
XMonad | splitHorizontallyBy :: RealFrac r => r -> Rectangle -> (Rectangle, Rectangle)
XMonad | splitVertically :: Int -> Rectangle -> [Rectangle]
XMonad | splitVerticallyBy :: RealFrac r => r -> Rectangle -> (Rectangle, Rectangle)
XMonad | stateFileName :: Directories -> FilePath
XMonad | stringProperty :: String -> Query String
XMonad | tile :: Rational -> Rectangle -> Int -> Int -> [Rectangle]
XMonad | tileWindow :: Window -> Rectangle -> X ()
XMonad | title :: Query String
XMonad | trace :: MonadIO m => String -> m ()
XMonad | type Bits :: * -> Constraint
XMonad | type CLR :: *
XMonad | type ChangeLayout :: *
XMonad | type Choose :: (* -> *) -> (* -> *) -> * -> *
XMonad | type ConfExtension :: *
XMonad | type D :: *
XMonad | type D = (Dimension, Dimension)
XMonad | type Default :: * -> Constraint
XMonad | type Directories :: *
XMonad | type Directories = Directories' FilePath
XMonad | type Directories' :: * -> *
XMonad | type ExtensionClass :: * -> Constraint
XMonad | type Full :: * -> *
XMonad | type IncMasterN :: *
XMonad | type JumpToLayout :: *
XMonad | type Layout :: * -> *
XMonad | type LayoutClass :: (* -> *) -> * -> Constraint
XMonad | type LayoutMessages :: *
XMonad | type ManageHook :: *
XMonad | type ManageHook = Query (Endo WindowSet)
XMonad | type Message :: * -> Constraint
XMonad | type Mirror :: (* -> *) -> * -> *
XMonad | type MonadIO :: (* -> *) -> Constraint
XMonad | type MonadReader :: * -> (* -> *) -> Constraint
XMonad | type MonadState :: * -> (* -> *) -> Constraint
XMonad | type Query :: * -> *
XMonad | type Resize :: *
XMonad | type ScreenDetail :: *
XMonad | type ScreenId :: *
XMonad | type SomeMessage :: *
XMonad | type StateExtension :: *
XMonad | type StateFile :: *
XMonad | type Tall :: * -> *
XMonad | type Typeable :: forall k. k -> Constraint
XMonad | type WindowSet :: *
XMonad | type WindowSet = StackSet WorkspaceId (Layout Window) Window ScreenId ScreenDetail
XMonad | type WindowSpace :: *
XMonad | type WindowSpace = Workspace WorkspaceId (Layout Window) Window
XMonad | type WorkspaceId :: *
XMonad | type WorkspaceId = String
XMonad | type X :: * -> *
XMonad | type XConf :: *
XMonad | type XConfig :: (* -> *) -> *
XMonad | type XState :: *
XMonad | type role Choose representational representational nominal
XMonad | type role Full phantom
XMonad | type role Layout nominal
XMonad | type role Mirror representational nominal
XMonad | type role Query nominal
XMonad | type role Tall phantom
XMonad | type role X nominal
XMonad | unGrab :: X ()
XMonad | uninstallSignalHandlers :: MonadIO m => m ()
XMonad | unmanage :: Window -> X ()
XMonad | updateLayout :: WorkspaceId -> Maybe (Layout Window) -> X ()
XMonad | userCode :: X a -> X (Maybe a)
XMonad | userCodeDef :: a -> X a -> X a
XMonad | whenJust :: Monad m => Maybe a -> (a -> m ()) -> m ()
XMonad | whenX :: X Bool -> X () -> X ()
XMonad | willFloat :: Query Bool
XMonad | windowBracket :: (a -> Bool) -> X a -> X a
XMonad | windowBracket_ :: X Any -> X ()
XMonad | windows :: (WindowSet -> WindowSet) -> X ()
XMonad | withDisplay :: (Display -> X a) -> X a
XMonad | withFocused :: (Window -> X ()) -> X ()
XMonad | withUnfocused :: (Window -> X ()) -> X ()
XMonad | withWindowAttributes :: Display -> Window -> (WindowAttributes -> X ()) -> X ()
XMonad | withWindowSet :: (WindowSet -> X a) -> X a
XMonad | writeStateToFile :: X ()
XMonad | xfork :: MonadIO m => IO () -> m ProcessID
XMonad | xmessage :: MonadIO m => String -> m ()
XMonad | xmonad :: (LayoutClass l Window, Read (l Window)) => XConfig l -> IO ()
XMonad.Config | class Default a where def :: a default def :: (Generic a, GDefault (Rep a)) => a
XMonad.Config | defaultConfig :: XConfig (Choose Tall (Choose (Mirror Tall) Full))
XMonad.Config | type Default :: * -> Constraint
XMonad.Core | atom_WM_DELETE_WINDOW :: X Atom
XMonad.Core | atom_WM_PROTOCOLS :: X Atom
XMonad.Core | atom_WM_STATE :: X Atom
XMonad.Core | atom_WM_TAKE_FOCUS :: X Atom
XMonad.Core | binFileName :: Directories -> FilePath
XMonad.Core | catchIO :: MonadIO m => IO () -> m ()
XMonad.Core | catchX :: X a -> X a -> X a
XMonad.Core | class (Show (layout a), Typeable layout) => LayoutClass layout a where runLayout :: Workspace WorkspaceId (layout a) a -> Rectangle -> X ([(a, Rectangle)], Maybe (layout a)) doLayout :: layout a -> Rectangle -> Stack a -> X ([(a, Rectangle)], Maybe (layout a)) pureLayout :: layout a -> Rectangle -> Stack a -> [(a, Rectangle)] emptyLayout :: layout a -> Rectangle -> X ([(a, Rectangle)], Maybe (layout a)) handleMessage :: layout a -> SomeMessage -> X (Maybe (layout a)) pureMessage :: layout a -> SomeMessage -> Maybe (layout a) description :: layout a -> String
XMonad.Core | class Typeable a => ExtensionClass a where initialValue :: a extensionType :: a -> StateExtension {-# MINIMAL initialValue #-}
XMonad.Core | class Typeable a => Message a
XMonad.Core | class Typeable a where typeRep# :: TypeRep a {-# MINIMAL typeRep# #-}
XMonad.Core | data ConfExtension = forall a. Typeable a => ConfExtension a
XMonad.Core | data Directories' a = Directories {dataDir :: !a, cfgDir :: !a, cacheDir :: !a}
XMonad.Core | data Layout a = forall (l :: * -> *). (LayoutClass l a, Read (l a)) => Layout (l a)
XMonad.Core | data LayoutMessages = Hide | ReleaseResources
XMonad.Core | data SomeMessage = forall a. Message a => SomeMessage a
XMonad.Core | data StateExtension = forall a. ExtensionClass a => StateExtension a | forall a. (Read a, Show a, ExtensionClass a) => PersistentExtension a
XMonad.Core | data XConf = XConf {display :: Display, config :: (XConfig Layout), theRoot :: Window, normalBorder :: Pixel, focusedBorder :: Pixel, keyActions :: !(Map (KeyMask, KeySym) (X ())), buttonActions :: !(Map (KeyMask, Button) (Window -> X ())), mouseFocused :: !Bool, mousePosition :: !(Maybe (Position, Position)), currentEvent :: !(Maybe Event), directories :: Directories}
XMonad.Core | data XConfig l = XConfig {normalBorderColor :: !String, focusedBorderColor :: !String, terminal :: !String, layoutHook :: !(l Window), manageHook :: !ManageHook, handleEventHook :: !(Event -> X All), workspaces :: ![String], modMask :: ! KeyMask, keys :: !(XConfig Layout -> Map (ButtonMask, KeySym) (X ())), mouseBindings :: !(XConfig Layout -> Map (ButtonMask, Button) (Window -> X ())), borderWidth :: Dimension, logHook :: !(X ()), startupHook :: !(X ()), focusFollowsMouse :: !Bool, clickJustFocuses :: !Bool, clientMask :: EventMask, rootMask :: EventMask, handleExtraArgs :: !([String] -> XConfig Layout -> IO (XConfig Layout)), extensibleConf :: !(Map TypeRep ConfExtension)}
XMonad.Core | data XState = XState {windowset :: WindowSet, mapped :: !(Set Window), waitingUnmap :: !(Map Window Int), dragging :: !(Maybe (Position -> Position -> X (), X ())), numberlockMask :: ! KeyMask, extensibleState :: !(Map String (Either String StateExtension))}
XMonad.Core | fromMessage :: Message m => SomeMessage -> Maybe m
XMonad.Core | getAtom :: String -> X Atom
XMonad.Core | getDirectories :: IO Directories
XMonad.Core | getXMonadCacheDir :: X String
XMonad.Core | getXMonadDataDir :: X String
XMonad.Core | getXMonadDir :: X String
XMonad.Core | ifM :: Monad m => m Bool -> m a -> m a -> m a
XMonad.Core | installSignalHandlers :: MonadIO m => m ()
XMonad.Core | io :: MonadIO m => IO a -> m a
XMonad.Core | isRoot :: Window -> X Bool
XMonad.Core | newtype Query a = Query (ReaderT Window X a)
XMonad.Core | newtype ScreenDetail = SD {screenRect :: Rectangle}
XMonad.Core | newtype ScreenId = S Int
XMonad.Core | newtype X a = X (ReaderT XConf (StateT XState IO) a)
XMonad.Core | readsLayout :: Layout a -> String -> [(Layout a, String)]
XMonad.Core | recompile :: MonadIO m => Directories -> Bool -> m Bool
XMonad.Core | runOnWorkspaces :: (WindowSpace -> X WindowSpace) -> X ()
XMonad.Core | runQuery :: Query a -> Window -> X a
XMonad.Core | runX :: XConf -> XState -> X a -> IO (a, XState)
XMonad.Core | spawn :: MonadIO m => String -> m ()
XMonad.Core | spawnPID :: MonadIO m => String -> m ProcessID
XMonad.Core | stateFileName :: Directories -> FilePath
XMonad.Core | trace :: MonadIO m => String -> m ()
XMonad.Core | type ConfExtension :: *
XMonad.Core | type Directories :: *
XMonad.Core | type Directories = Directories' FilePath
XMonad.Core | type Directories' :: * -> *
XMonad.Core | type ExtensionClass :: * -> Constraint
XMonad.Core | type Layout :: * -> *
XMonad.Core | type LayoutClass :: (* -> *) -> * -> Constraint
XMonad.Core | type LayoutMessages :: *
XMonad.Core | type ManageHook :: *
XMonad.Core | type ManageHook = Query (Endo WindowSet)
XMonad.Core | type Message :: * -> Constraint
XMonad.Core | type Query :: * -> *
XMonad.Core | type ScreenDetail :: *
XMonad.Core | type ScreenId :: *
XMonad.Core | type SomeMessage :: *
XMonad.Core | type StateExtension :: *
XMonad.Core | type Typeable :: forall k. k -> Constraint
XMonad.Core | type WindowSet :: *
XMonad.Core | type WindowSet = StackSet WorkspaceId (Layout Window) Window ScreenId ScreenDetail
XMonad.Core | type WindowSpace :: *
XMonad.Core | type WindowSpace = Workspace WorkspaceId (Layout Window) Window
XMonad.Core | type WorkspaceId :: *
XMonad.Core | type WorkspaceId = String
XMonad.Core | type X :: * -> *
XMonad.Core | type XConf :: *
XMonad.Core | type XConfig :: (* -> *) -> *
XMonad.Core | type XState :: *
XMonad.Core | type role Layout nominal
XMonad.Core | type role Query nominal
XMonad.Core | type role X nominal
XMonad.Core | uninstallSignalHandlers :: MonadIO m => m ()
XMonad.Core | userCode :: X a -> X (Maybe a)
XMonad.Core | userCodeDef :: a -> X a -> X a
XMonad.Core | whenJust :: Monad m => Maybe a -> (a -> m ()) -> m ()
XMonad.Core | whenX :: X Bool -> X () -> X ()
XMonad.Core | withDisplay :: (Display -> X a) -> X a
XMonad.Core | withWindowAttributes :: Display -> Window -> (WindowAttributes -> X ()) -> X ()
XMonad.Core | withWindowSet :: (WindowSet -> X a) -> X a
XMonad.Core | xfork :: MonadIO m => IO () -> m ProcessID
XMonad.Core | xmessage :: MonadIO m => String -> m ()
XMonad.Layout | (|||) :: l a -> r a -> Choose l r a
XMonad.Layout | data CLR = CL | CR
XMonad.Layout | data ChangeLayout = FirstLayout | NextLayout
XMonad.Layout | data Choose l r a = Choose CLR (l a) (r a)
XMonad.Layout | data Full a = Full
XMonad.Layout | data Resize = Shrink | Expand
XMonad.Layout | data Tall a = Tall {tallNMaster :: Int, tallRatioIncrement :: Rational, tallRatio :: Rational}
XMonad.Layout | mirrorRect :: Rectangle -> Rectangle
XMonad.Layout | newtype IncMasterN = IncMasterN Int
XMonad.Layout | newtype JumpToLayout = JumpToLayout String
XMonad.Layout | newtype Mirror l a = Mirror (l a)
XMonad.Layout | splitHorizontally :: Int -> Rectangle -> [Rectangle]
XMonad.Layout | splitHorizontallyBy :: RealFrac r => r -> Rectangle -> (Rectangle, Rectangle)
XMonad.Layout | splitVertically :: Int -> Rectangle -> [Rectangle]
XMonad.Layout | splitVerticallyBy :: RealFrac r => r -> Rectangle -> (Rectangle, Rectangle)
XMonad.Layout | tile :: Rational -> Rectangle -> Int -> Int -> [Rectangle]
XMonad.Layout | type CLR :: *
XMonad.Layout | type ChangeLayout :: *
XMonad.Layout | type Choose :: (* -> *) -> (* -> *) -> * -> *
XMonad.Layout | type Full :: * -> *
XMonad.Layout | type IncMasterN :: *
XMonad.Layout | type JumpToLayout :: *
XMonad.Layout | type Mirror :: (* -> *) -> * -> *
XMonad.Layout | type Resize :: *
XMonad.Layout | type Tall :: * -> *
XMonad.Layout | type role Choose representational representational nominal
XMonad.Layout | type role Full phantom
XMonad.Layout | type role Mirror representational nominal
XMonad.Layout | type role Tall phantom
XMonad.Main | launch :: (LayoutClass l Window, Read (l Window)) => XConfig l -> Directories -> IO ()
XMonad.Main | sendRestart :: IO ()
XMonad.Main | xmonad :: (LayoutClass l Window, Read (l Window)) => XConfig l -> IO ()
XMonad.ManageHook | (-->) :: (Monad m, Monoid a) => m Bool -> m a -> m a
XMonad.ManageHook | (<&&>) :: Monad m => m Bool -> m Bool -> m Bool
XMonad.ManageHook | (<+>) :: Monoid m => m -> m -> m
XMonad.ManageHook | (<||>) :: Monad m => m Bool -> m Bool -> m Bool
XMonad.ManageHook | (=?) :: Eq a => Query a -> a -> Query Bool
XMonad.ManageHook | appName :: Query String
XMonad.ManageHook | className :: Query String
XMonad.ManageHook | composeAll :: Monoid m => [m] -> m
XMonad.ManageHook | doF :: (s -> s) -> Query (Endo s)
XMonad.ManageHook | doFloat :: ManageHook
XMonad.ManageHook | doIgnore :: ManageHook
XMonad.ManageHook | doShift :: WorkspaceId -> ManageHook
XMonad.ManageHook | getStringProperty :: Display -> Window -> String -> X (Maybe String)
XMonad.ManageHook | idHook :: Monoid m => m
XMonad.ManageHook | liftX :: X a -> Query a
XMonad.ManageHook | resource :: Query String
XMonad.ManageHook | stringProperty :: String -> Query String
XMonad.ManageHook | title :: Query String
XMonad.ManageHook | willFloat :: Query Bool
XMonad.Operations | applyAspectHint :: (D, D) -> D -> D
XMonad.Operations | applyMaxSizeHint :: D -> D -> D
XMonad.Operations | applyResizeIncHint :: D -> D -> D
XMonad.Operations | applySizeHints :: Integral a => Dimension -> SizeHints -> (a, a) -> D
XMonad.Operations | applySizeHints' :: SizeHints -> D -> D
XMonad.Operations | applySizeHintsContents :: Integral a => SizeHints -> (a, a) -> D
XMonad.Operations | broadcastMessage :: Message a => a -> X ()
XMonad.Operations | cacheNumlockMask :: X ()
XMonad.Operations | cleanMask :: KeyMask -> X KeyMask
XMonad.Operations | clearEvents :: EventMask -> X ()
XMonad.Operations | containedIn :: Rectangle -> Rectangle -> Bool
XMonad.Operations | data StateFile = StateFile {sfWins :: StackSet WorkspaceId String Window ScreenId ScreenDetail, sfExt :: [(String, String)]}
XMonad.Operations | extraModifiers :: X [KeyMask]
XMonad.Operations | float :: Window -> X ()
XMonad.Operations | floatLocation :: Window -> X (ScreenId, RationalRect)
XMonad.Operations | focus :: Window -> X ()
XMonad.Operations | getCleanedScreenInfo :: MonadIO m => Display -> m [Rectangle]
XMonad.Operations | hide :: Window -> X ()
XMonad.Operations | initColor :: Display -> String -> IO (Maybe Pixel)
XMonad.Operations | isClient :: Window -> X Bool
XMonad.Operations | isFixedSizeOrTransient :: Display -> Window -> X Bool
XMonad.Operations | kill :: X ()
XMonad.Operations | killWindow :: Window -> X ()
XMonad.Operations | manage :: Window -> X ()
XMonad.Operations | mkAdjust :: Window -> X (D -> D)
XMonad.Operations | mkGrabs :: [(KeyMask, KeySym)] -> X [(KeyMask, KeyCode)]
XMonad.Operations | modifyWindowSet :: (WindowSet -> WindowSet) -> X ()
XMonad.Operations | mouseDrag :: (Position -> Position -> X ()) -> X () -> X ()
XMonad.Operations | mouseMoveWindow :: Window -> X ()
XMonad.Operations | mouseResizeWindow :: Window -> X ()
XMonad.Operations | nubScreens :: [Rectangle] -> [Rectangle]
XMonad.Operations | pointScreen :: Position -> Position -> X (Maybe (Screen WorkspaceId (Layout Window) Window ScreenId ScreenDetail))
XMonad.Operations | pointWithin :: Position -> Position -> Rectangle -> Bool
XMonad.Operations | readStateFile :: (LayoutClass l Window, Read (l Window)) => XConfig l -> X (Maybe XState)
XMonad.Operations | refresh :: X ()
XMonad.Operations | rescreen :: X ()
XMonad.Operations | restart :: String -> Bool -> X ()
XMonad.Operations | reveal :: Window -> X ()
XMonad.Operations | scaleRationalRect :: Rectangle -> RationalRect -> Rectangle
XMonad.Operations | screenWorkspace :: ScreenId -> X (Maybe WorkspaceId)
XMonad.Operations | sendMessage :: Message a => a -> X ()
XMonad.Operations | sendMessageWithNoRefresh :: Message a => a -> WindowSpace -> X ()
XMonad.Operations | sendReplace :: IO ()
XMonad.Operations | sendRestart :: IO ()
XMonad.Operations | setButtonGrab :: Bool -> Window -> X ()
XMonad.Operations | setFocusX :: Window -> X ()
XMonad.Operations | setInitialProperties :: Window -> X ()
XMonad.Operations | setLayout :: Layout Window -> X ()
XMonad.Operations | setTopFocus :: X ()
XMonad.Operations | setWMState :: Window -> Int -> X ()
XMonad.Operations | setWindowBorderWithFallback :: Display -> Window -> String -> Pixel -> X ()
XMonad.Operations | tileWindow :: Window -> Rectangle -> X ()
XMonad.Operations | type D :: *
XMonad.Operations | type D = (Dimension, Dimension)
XMonad.Operations | type StateFile :: *
XMonad.Operations | unGrab :: X ()
XMonad.Operations | unmanage :: Window -> X ()
XMonad.Operations | updateLayout :: WorkspaceId -> Maybe (Layout Window) -> X ()
XMonad.Operations | windowBracket :: (a -> Bool) -> X a -> X a
XMonad.Operations | windowBracket_ :: X Any -> X ()
XMonad.Operations | windows :: (WindowSet -> WindowSet) -> X ()
XMonad.Operations | withFocused :: (Window -> X ()) -> X ()
XMonad.Operations | withUnfocused :: (Window -> X ()) -> X ()
XMonad.Operations | writeStateToFile :: X ()
XMonad.StackSet | abort :: String -> a
XMonad.StackSet | allWindows :: Eq a => StackSet i l a s sd -> [a]
XMonad.StackSet | currentTag :: StackSet i l a s sd -> i
XMonad.StackSet | data RationalRect = RationalRect Rational Rational Rational Rational
XMonad.StackSet | data Screen i l a sid sd = Screen {workspace :: (Workspace i l a), screen :: !sid, screenDetail :: !sd}
XMonad.StackSet | data Stack a = Stack {focus :: !a, up :: [a], down :: [a]}
XMonad.StackSet | data StackSet i l a sid sd = StackSet {current :: (Screen i l a sid sd), visible :: [Screen i l a sid sd], hidden :: [Workspace i l a], floating :: Map a RationalRect}
XMonad.StackSet | data Workspace i l a = Workspace {tag :: !i, layout :: l, stack :: Maybe (Stack a)}
XMonad.StackSet | delete :: Ord a => a -> StackSet i l a s sd -> StackSet i l a s sd
XMonad.StackSet | delete' :: Eq a => a -> StackSet i l a s sd -> StackSet i l a s sd
XMonad.StackSet | differentiate :: [a] -> Maybe (Stack a)
XMonad.StackSet | ensureTags :: Eq i => l -> [i] -> StackSet i l a s sd -> StackSet i l a s sd
XMonad.StackSet | filter :: (a -> Bool) -> Stack a -> Maybe (Stack a)
XMonad.StackSet | findTag :: Eq a => a -> StackSet i l a s sd -> Maybe i
XMonad.StackSet | float :: Ord a => a -> RationalRect -> StackSet i l a s sd -> StackSet i l a s sd
XMonad.StackSet | focusDown :: StackSet i l a s sd -> StackSet i l a s sd
XMonad.StackSet | focusDown' :: Stack a -> Stack a
XMonad.StackSet | focusMaster :: StackSet i l a s sd -> StackSet i l a s sd
XMonad.StackSet | focusUp :: StackSet i l a s sd -> StackSet i l a s sd
XMonad.StackSet | focusUp' :: Stack a -> Stack a
XMonad.StackSet | focusWindow :: (Eq s, Eq a, Eq i) => a -> StackSet i l a s sd -> StackSet i l a s sd
XMonad.StackSet | greedyView :: (Eq s, Eq i) => i -> StackSet i l a s sd -> StackSet i l a s sd
XMonad.StackSet | index :: StackSet i l a s sd -> [a]
XMonad.StackSet | insertUp :: Eq a => a -> StackSet i l a s sd -> StackSet i l a s sd
XMonad.StackSet | integrate :: Stack a -> [a]
XMonad.StackSet | integrate' :: Maybe (Stack a) -> [a]
XMonad.StackSet | lookupWorkspace :: Eq s => s -> StackSet i l a s sd -> Maybe i
XMonad.StackSet | mapLayout :: (l -> l') -> StackSet i l a s sd -> StackSet i l' a s sd
XMonad.StackSet | mapWorkspace :: (Workspace i l a -> Workspace i l a) -> StackSet i l a s sd -> StackSet i l a s sd
XMonad.StackSet | member :: Eq a => a -> StackSet i l a s sd -> Bool
XMonad.StackSet | modify :: Maybe (Stack a) -> (Stack a -> Maybe (Stack a)) -> StackSet i l a s sd -> StackSet i l a s sd
XMonad.StackSet | modify' :: (Stack a -> Stack a) -> StackSet i l a s sd -> StackSet i l a s sd
XMonad.StackSet | new :: Integral s => l -> [i] -> [sd] -> StackSet i l a s sd
XMonad.StackSet | peek :: StackSet i l a s sd -> Maybe a
XMonad.StackSet | renameTag :: Eq i => i -> i -> StackSet i l a s sd -> StackSet i l a s sd
XMonad.StackSet | screens :: StackSet i l a s sd -> [Screen i l a s sd]
XMonad.StackSet | shift :: (Ord a, Eq s, Eq i) => i -> StackSet i l a s sd -> StackSet i l a s sd
XMonad.StackSet | shiftMaster :: StackSet i l a s sd -> StackSet i l a s sd
XMonad.StackSet | shiftWin :: (Ord a, Eq s, Eq i) => i -> a -> StackSet i l a s sd -> StackSet i l a s sd
XMonad.StackSet | sink :: Ord a => a -> StackSet i l a s sd -> StackSet i l a s sd
XMonad.StackSet | swapDown :: StackSet i l a s sd -> StackSet i l a s sd
XMonad.StackSet | swapMaster :: StackSet i l a s sd -> StackSet i l a s sd
XMonad.StackSet | swapUp :: StackSet i l a s sd -> StackSet i l a s sd
XMonad.StackSet | tagMember :: Eq i => i -> StackSet i l a s sd -> Bool
XMonad.StackSet | type RationalRect :: *
XMonad.StackSet | type Screen :: * -> * -> * -> * -> * -> *
XMonad.StackSet | type Stack :: * -> *
XMonad.StackSet | type StackSet :: * -> * -> * -> * -> * -> *
XMonad.StackSet | type Workspace :: * -> * -> * -> *
XMonad.StackSet | type role StackSet representational representational nominal representational representational
XMonad.StackSet | view :: (Eq s, Eq i) => i -> StackSet i l a s sd -> StackSet i l a s sd
XMonad.StackSet | workspaces :: StackSet i l a s sd -> [Workspace i l a]
